Archive member included to satisfy reference by file (symbol)

/opt/st/stm32cubeide_1.19.0/plugins/com.st.stm32cube.ide.mcu.externaltools.gnu-tools-for-stm32.13.3.rel1.linux64_1.0.0.202410170706/tools/bin/../lib/gcc/arm-none-eabi/13.3.1/../../../../arm-none-eabi/lib/thumb/v7e-m+fp/hard/libc_nano.a(libc_a-exit.o)
                              /opt/st/stm32cubeide_1.19.0/plugins/com.st.stm32cube.ide.mcu.externaltools.gnu-tools-for-stm32.13.3.rel1.linux64_1.0.0.202410170706/tools/bin/../lib/gcc/arm-none-eabi/13.3.1/../../../../arm-none-eabi/lib/thumb/v7e-m+fp/hard/crt0.o (exit)
/opt/st/stm32cubeide_1.19.0/plugins/com.st.stm32cube.ide.mcu.externaltools.gnu-tools-for-stm32.13.3.rel1.linux64_1.0.0.202410170706/tools/bin/../lib/gcc/arm-none-eabi/13.3.1/../../../../arm-none-eabi/lib/thumb/v7e-m+fp/hard/libc_nano.a(libc_a-findfp.o)
                              /opt/st/stm32cubeide_1.19.0/plugins/com.st.stm32cube.ide.mcu.externaltools.gnu-tools-for-stm32.13.3.rel1.linux64_1.0.0.202410170706/tools/bin/../lib/gcc/arm-none-eabi/13.3.1/../../../../arm-none-eabi/lib/thumb/v7e-m+fp/hard/libc_nano.a(libc_a-exit.o) (__stdio_exit_handler)
/opt/st/stm32cubeide_1.19.0/plugins/com.st.stm32cube.ide.mcu.externaltools.gnu-tools-for-stm32.13.3.rel1.linux64_1.0.0.202410170706/tools/bin/../lib/gcc/arm-none-eabi/13.3.1/../../../../arm-none-eabi/lib/thumb/v7e-m+fp/hard/libc_nano.a(libc_a-fwalk.o)
                              /opt/st/stm32cubeide_1.19.0/plugins/com.st.stm32cube.ide.mcu.externaltools.gnu-tools-for-stm32.13.3.rel1.linux64_1.0.0.202410170706/tools/bin/../lib/gcc/arm-none-eabi/13.3.1/../../../../arm-none-eabi/lib/thumb/v7e-m+fp/hard/libc_nano.a(libc_a-findfp.o) (_fwalk_sglue)
/opt/st/stm32cubeide_1.19.0/plugins/com.st.stm32cube.ide.mcu.externaltools.gnu-tools-for-stm32.13.3.rel1.linux64_1.0.0.202410170706/tools/bin/../lib/gcc/arm-none-eabi/13.3.1/../../../../arm-none-eabi/lib/thumb/v7e-m+fp/hard/libc_nano.a(libc_a-stdio.o)
                              /opt/st/stm32cubeide_1.19.0/plugins/com.st.stm32cube.ide.mcu.externaltools.gnu-tools-for-stm32.13.3.rel1.linux64_1.0.0.202410170706/tools/bin/../lib/gcc/arm-none-eabi/13.3.1/../../../../arm-none-eabi/lib/thumb/v7e-m+fp/hard/libc_nano.a(libc_a-findfp.o) (__sread)
/opt/st/stm32cubeide_1.19.0/plugins/com.st.stm32cube.ide.mcu.externaltools.gnu-tools-for-stm32.13.3.rel1.linux64_1.0.0.202410170706/tools/bin/../lib/gcc/arm-none-eabi/13.3.1/../../../../arm-none-eabi/lib/thumb/v7e-m+fp/hard/libc_nano.a(libc_a-memset.o)
                              /opt/st/stm32cubeide_1.19.0/plugins/com.st.stm32cube.ide.mcu.externaltools.gnu-tools-for-stm32.13.3.rel1.linux64_1.0.0.202410170706/tools/bin/../lib/gcc/arm-none-eabi/13.3.1/../../../../arm-none-eabi/lib/thumb/v7e-m+fp/hard/crt0.o (memset)
/opt/st/stm32cubeide_1.19.0/plugins/com.st.stm32cube.ide.mcu.externaltools.gnu-tools-for-stm32.13.3.rel1.linux64_1.0.0.202410170706/tools/bin/../lib/gcc/arm-none-eabi/13.3.1/../../../../arm-none-eabi/lib/thumb/v7e-m+fp/hard/libc_nano.a(libc_a-closer.o)
                              /opt/st/stm32cubeide_1.19.0/plugins/com.st.stm32cube.ide.mcu.externaltools.gnu-tools-for-stm32.13.3.rel1.linux64_1.0.0.202410170706/tools/bin/../lib/gcc/arm-none-eabi/13.3.1/../../../../arm-none-eabi/lib/thumb/v7e-m+fp/hard/libc_nano.a(libc_a-stdio.o) (_close_r)
/opt/st/stm32cubeide_1.19.0/plugins/com.st.stm32cube.ide.mcu.externaltools.gnu-tools-for-stm32.13.3.rel1.linux64_1.0.0.202410170706/tools/bin/../lib/gcc/arm-none-eabi/13.3.1/../../../../arm-none-eabi/lib/thumb/v7e-m+fp/hard/libc_nano.a(libc_a-reent.o)
                              /opt/st/stm32cubeide_1.19.0/plugins/com.st.stm32cube.ide.mcu.externaltools.gnu-tools-for-stm32.13.3.rel1.linux64_1.0.0.202410170706/tools/bin/../lib/gcc/arm-none-eabi/13.3.1/../../../../arm-none-eabi/lib/thumb/v7e-m+fp/hard/libc_nano.a(libc_a-closer.o) (errno)
/opt/st/stm32cubeide_1.19.0/plugins/com.st.stm32cube.ide.mcu.externaltools.gnu-tools-for-stm32.13.3.rel1.linux64_1.0.0.202410170706/tools/bin/../lib/gcc/arm-none-eabi/13.3.1/../../../../arm-none-eabi/lib/thumb/v7e-m+fp/hard/libc_nano.a(libc_a-impure.o)
                              /opt/st/stm32cubeide_1.19.0/plugins/com.st.stm32cube.ide.mcu.externaltools.gnu-tools-for-stm32.13.3.rel1.linux64_1.0.0.202410170706/tools/bin/../lib/gcc/arm-none-eabi/13.3.1/../../../../arm-none-eabi/lib/thumb/v7e-m+fp/hard/libc_nano.a(libc_a-reent.o) (_impure_ptr)
/opt/st/stm32cubeide_1.19.0/plugins/com.st.stm32cube.ide.mcu.externaltools.gnu-tools-for-stm32.13.3.rel1.linux64_1.0.0.202410170706/tools/bin/../lib/gcc/arm-none-eabi/13.3.1/../../../../arm-none-eabi/lib/thumb/v7e-m+fp/hard/libc_nano.a(libc_a-lseekr.o)
                              /opt/st/stm32cubeide_1.19.0/plugins/com.st.stm32cube.ide.mcu.externaltools.gnu-tools-for-stm32.13.3.rel1.linux64_1.0.0.202410170706/tools/bin/../lib/gcc/arm-none-eabi/13.3.1/../../../../arm-none-eabi/lib/thumb/v7e-m+fp/hard/libc_nano.a(libc_a-stdio.o) (_lseek_r)
[...]
Memory Configuration

Name             Origin             Length             Attributes
CCMRAM           0x10000000         0x00010000         xrw
RAM              0x20000000         0x00030000         xrw
FLASH            0x08000000         0x00200000         xr
*default*        0x00000000         0xffffffff

Linker script and memory map

LOAD /opt/st/stm32cubeide_1.19.0/plugins/com.st.stm32cube.ide.mcu.externaltools.gnu-tools-for-stm32.13.3.rel1.linux64_1.0.0.202410170706/tools/bin/../lib/gcc/arm-none-eabi/13.3.1/thumb/v7e-m+fp/hard/crti.o
LOAD /opt/st/stm32cubeide_1.19.0/plugins/com.st.stm32cube.ide.mcu.externaltools.gnu-tools-for-stm32.13.3.rel1.linux64_1.0.0.202410170706/tools/bin/../lib/gcc/arm-none-eabi/13.3.1/thumb/v7e-m+fp/hard/crtbegin.o
LOAD /opt/st/stm32cubeide_1.19.0/plugins/com.st.stm32cube.ide.mcu.externaltools.gnu-tools-for-stm32.13.3.rel1.linux64_1.0.0.202410170706/tools/bin/../lib/gcc/arm-none-eabi/13.3.1/../../../../arm-none-eabi/lib/thumb/v7e-m+fp/hard/crt0.o
LOAD ./Core/Src/main.o
LOAD ./Core/Src/stm32f4xx_hal_msp.o
LOAD ./Core/Src/stm32f4xx_it.o
LOAD ./Core/Src/syscalls.o
LOAD ./Core/Src/sysmem.o
LOAD ./Core/Src/system_stm32f4xx.o
LOAD ./Core/Startup/startup_stm32f429zitx.o
LOAD ./Drivers/API/Src/API_delay.o
LOAD ./Drivers/STM32F4xx_HAL_Driver/Src/stm32f4xx_hal.o
LOAD ./Drivers/STM32F4xx_HAL_Driver/Src/stm32f4xx_hal_cortex.o
LOAD ./Drivers/STM32F4xx_HAL_Driver/Src/stm32f4xx_hal_dma.o
LOAD ./Drivers/STM32F4xx_HAL_Driver/Src/stm32f4xx_hal_dma_ex.o
LOAD ./Drivers/STM32F4xx_HAL_Driver/Src/stm32f4xx_hal_eth.o
LOAD ./Drivers/STM32F4xx_HAL_Driver/Src/stm32f4xx_hal_exti.o
LOAD ./Drivers/STM32F4xx_HAL_Driver/Src/stm32f4xx_hal_flash.o
LOAD ./Drivers/STM32F4xx_HAL_Driver/Src/stm32f4xx_hal_flash_ex.o
LOAD ./Drivers/STM32F4xx_HAL_Driver/Src/stm32f4xx_hal_flash_ramfunc.o
LOAD ./Drivers/STM32F4xx_HAL_Driver/Src/stm32f4xx_hal_gpio.o
LOAD ./Drivers/STM32F4xx_HAL_Driver/Src/stm32f4xx_hal_i2c.o
LOAD ./Drivers/STM32F4xx_HAL_Driver/Src/stm32f4xx_hal_i2c_ex.o
LOAD ./Drivers/STM32F4xx_HAL_Driver/Src/stm32f4xx_hal_pcd.o
LOAD ./Drivers/STM32F4xx_HAL_Driver/Src/stm32f4xx_hal_pcd_ex.o
LOAD ./Drivers/STM32F4xx_HAL_Driver/Src/stm32f4xx_hal_pwr.o
LOAD ./Drivers/STM32F4xx_HAL_Driver/Src/stm32f4xx_hal_pwr_ex.o
LOAD ./Drivers/STM32F4xx_HAL_Driver/Src/stm32f4xx_hal_rcc.o
LOAD ./Drivers/STM32F4xx_HAL_Driver/Src/stm32f4xx_hal_rcc_ex.o
LOAD ./Drivers/STM32F4xx_HAL_Driver/Src/stm32f4xx_hal_spi.o
LOAD ./Drivers/STM32F4xx_HAL_Driver/Src/stm32f4xx_hal_uart.o
LOAD ./Drivers/STM32F4xx_HAL_Driver/Src/stm32f4xx_ll_usb.o
LOAD ./Drivers/lcd/src/lcd.o
LOAD ./Drivers/lcd/src/lcd_port.o
LOAD ./Drivers/rc522/src/rc522.o
LOAD ./Drivers/rc522/src/rc522_port.o
START GROUP
LOAD /opt/st/stm32cubeide_1.19.0/plugins/com.st.stm32cube.ide.mcu.externaltools.gnu-tools-for-stm32.13.3.rel1.linux64_1.0.0.202410170706/tools/bin/../lib/gcc/arm-none-eabi/13.3.1/../../../../arm-none-eabi/lib/thumb/v7e-m+fp/hard/libc_nano.a
LOAD /opt/st/stm32cubeide_1.19.0/plugins/com.st.stm32cube.ide.mcu.externaltools.gnu-tools-for-stm32.13.3.rel1.linux64_1.0.0.202410170706/tools/bin/../lib/gcc/arm-none-eabi/13.3.1/../../../../arm-none-eabi/lib/thumb/v7e-m+fp/hard/libm.a
END GROUP
START GROUP
LOAD /opt/st/stm32cubeide_1.19.0/plugins/com.st.stm32cube.ide.mcu.externaltools.gnu-tools-for-stm32.13.3.rel1.linux64_1.0.0.202410170706/tools/bin/../lib/gcc/arm-none-eabi/13.3.1/thumb/v7e-m+fp/hard/libgcc.a
LOAD /opt/st/stm32cubeide_1.19.0/plugins/com.st.stm32cube.ide.mcu.externaltools.gnu-tools-for-stm32.13.3.rel1.linux64_1.0.0.202410170706/tools/bin/../lib/gcc/arm-none-eabi/13.3.1/../../../../arm-none-eabi/lib/thumb/v7e-m+fp/hard/libc_nano.a
END GROUP
START GROUP
LOAD /opt/st/stm32cubeide_1.19.0/plugins/com.st.stm32cube.ide.mcu.externaltools.gnu-tools-for-stm32.13.3.rel1.linux64_1.0.0.202410170706/tools/bin/../lib/gcc/arm-none-eabi/13.3.1/thumb/v7e-m+fp/hard/libgcc.a
LOAD /opt/st/stm32cubeide_1.19.0/plugins/com.st.stm32cube.ide.mcu.externaltools.gnu-tools-for-stm32.13.3.rel1.linux64_1.0.0.202410170706/tools/bin/../lib/gcc/arm-none-eabi/13.3.1/../../../../arm-none-eabi/lib/thumb/v7e-m+fp/hard/libc_nano.a
LOAD /opt/st/stm32cubeide_1.19.0/plugins/com.st.stm32cube.ide.mcu.externaltools.gnu-tools-for-stm32.13.3.rel1.linux64_1.0.0.202410170706/tools/bin/../lib/gcc/arm-none-eabi/13.3.1/../../../../arm-none-eabi/lib/thumb/v7e-m+fp/hard/libnosys.a
END GROUP
START GROUP
LOAD /opt/st/stm32cubeide_1.19.0/plugins/com.st.stm32cube.ide.mcu.externaltools.gnu-tools-for-stm32.13.3.rel1.linux64_1.0.0.202410170706/tools/bin/../lib/gcc/arm-none-eabi/13.3.1/thumb/v7e-m+fp/hard/libgcc.a
LOAD /opt/st/stm32cubeide_1.19.0/plugins/com.st.stm32cube.ide.mcu.externaltools.gnu-tools-for-stm32.13.3.rel1.linux64_1.0.0.202410170706/tools/bin/../lib/gcc/arm-none-eabi/13.3.1/../../../../arm-none-eabi/lib/thumb/v7e-m+fp/hard/libc_nano.a
LOAD /opt/st/stm32cubeide_1.19.0/plugins/com.st.stm32cube.ide.mcu.externaltools.gnu-tools-for-stm32.13.3.rel1.linux64_1.0.0.202410170706/tools/bin/../lib/gcc/arm-none-eabi/13.3.1/../../../../arm-none-eabi/lib/thumb/v7e-m+fp/hard/libnosys.a
END GROUP
LOAD /opt/st/stm32cubeide_1.19.0/plugins/com.st.stm32cube.ide.mcu.externaltools.gnu-tools-for-stm32.13.3.rel1.linux64_1.0.0.202410170706/tools/bin/../lib/gcc/arm-none-eabi/13.3.1/thumb/v7e-m+fp/hard/crtend.o
LOAD /opt/st/stm32cubeide_1.19.0/plugins/com.st.stm32cube.ide.mcu.externaltools.gnu-tools-for-stm32.13.3.rel1.linux64_1.0.0.202410170706/tools/bin/../lib/gcc/arm-none-eabi/13.3.1/thumb/v7e-m+fp/hard/crtn.o
                0x20030000                        _estack = (ORIGIN (RAM) + LENGTH (RAM))
                0x00000200                        _Min_Heap_Size = 0x200
                0x00000400                        _Min_Stack_Size = 0x400

.isr_vector     0x08000000      0x1ac
                0x08000000                        . = ALIGN (0x4)
 *(.isr_vector)
 .isr_vector    0x08000000      0x1ac ./Core/Startup/startup_stm32f429zitx.o
                0x08000000                g_pfnVectors
                0x080001ac                        . = ALIGN (0x4)

.text           0x080001ac     0x51fc
                0x080001ac                        . = ALIGN (0x4)
 *(.text)
 .text          0x080001ac       0x40 /opt/st/stm32cubeide_1.19.0/plugins/com.st.stm32cube.ide.mcu.externaltools.gnu-tools-for-stm32.13.3.rel1.linux64_1.0.0.202410170706/tools/bin/../lib/gcc/arm-none-eabi/13.3.1/thumb/v7e-m+fp/hard/crtbegin.o
 .text          0x080001ec       0x10 /opt/st/stm32cubeide_1.19.0/plugins/com.st.stm32cube.ide.mcu.externaltools.gnu-tools-for-stm32.13.3.rel1.linux64_1.0.0.202410170706/tools/bin/../lib/gcc/arm-none-eabi/13.3.1/../../../../arm-none-eabi/lib/thumb/v7e-m+fp/hard/libc_nano.a(libc_a-strlen.o)
                0x080001ec                strlen
 .text          0x080001fc       0x30 /opt/st/stm32cubeide_1.19.0/plugins/com.st.stm32cube.ide.mcu.externaltools.gnu-tools-for-stm32.13.3.rel1.linux64_1.0.0.202410170706/tools/bin/../lib/gcc/arm-none-eabi/13.3.1/thumb/v7e-m+fp/hard/libgcc.a(_aeabi_uldivmod.o)
                0x080001fc                __aeabi_uldivmod
 .text          0x0800022c      0x2f8 /opt/st/stm32cubeide_1.19.0/plugins/com.st.stm32cube.ide.mcu.externaltools.gnu-tools-for-stm32.13.3.rel1.linux64_1.0.0.202410170706/tools/bin/../lib/gcc/arm-none-eabi/13.3.1/thumb/v7e-m+fp/hard/libgcc.a(_udivmoddi4.o)
                0x0800022c                __udivmoddi4
 .text          0x08000524        0x4 /opt/st/stm32cubeide_1.19.0/plugins/com.st.stm32cube.ide.mcu.externaltools.gnu-tools-for-stm32.13.3.rel1.linux64_1.0.0.202410170706/tools/bin/../lib/gcc/arm-none-eabi/13.3.1/thumb/v7e-m+fp/hard/libgcc.a(_dvmd_tls.o)
                0x08000524                __aeabi_ldiv0
                0x08000524                __aeabi_idiv0
 *(.text*)
 .text.main     0x08000528       0xa4 ./Core/Src/main.o
                0x08000528                main
 .text.SystemClock_Config
                0x080005cc       0xd4 ./Core/Src/main.o
                0x080005cc                SystemClock_Config
 .text.MX_ETH_Init
                0x080006a0       0x9c ./Core/Src/main.o
 .text.MX_I2C2_Init
                0x0800073c       0x80 ./Core/Src/main.o
 .text.MX_SPI1_Init
                0x080007bc       0x6c ./Core/Src/main.o
 .text.MX_USART3_UART_Init
                0x08000828       0x54 ./Core/Src/main.o
 .text.MX_USB_OTG_FS_PCD_Init
                0x0800087c       0x5c ./Core/Src/main.o
 .text.MX_GPIO_Init
                0x080008d8      0x188 ./Core/Src/main.o
 .text.Error_Handler
                0x08000a60        0xc ./Core/Src/main.o
                0x08000a60                Error_Handler
 .text.HAL_MspInit
                0x08000a6c       0x50 ./Core/Src/stm32f4xx_hal_msp.o
                0x08000a6c                HAL_MspInit
 .text.HAL_ETH_MspInit
                0x08000abc      0x18c ./Core/Src/stm32f4xx_hal_msp.o
                0x08000abc                HAL_ETH_MspInit
 .text.HAL_I2C_MspInit
                0x08000c48       0x90 ./Core/Src/stm32f4xx_hal_msp.o
                0x08000c48                HAL_I2C_MspInit
 .text.HAL_SPI_MspInit
                0x08000cd8       0xd0 ./Core/Src/stm32f4xx_hal_msp.o
                0x08000cd8                HAL_SPI_MspInit
 .text.HAL_UART_MspInit
                0x08000da8       0x90 ./Core/Src/stm32f4xx_hal_msp.o
                0x08000da8                HAL_UART_MspInit
 .text.HAL_PCD_MspInit
                0x08000e38       0xb4 ./Core/Src/stm32f4xx_hal_msp.o
                0x08000e38                HAL_PCD_MspInit
 .text.NMI_Handler
                0x08000eec        0x8 ./Core/Src/stm32f4xx_it.o
                0x08000eec                NMI_Handler
 .text.HardFault_Handler
                0x08000ef4        0x8 ./Core/Src/stm32f4xx_it.o
                0x08000ef4                HardFault_Handler
 .text.MemManage_Handler
                0x08000efc        0x8 ./Core/Src/stm32f4xx_it.o
                0x08000efc                MemManage_Handler
 .text.BusFault_Handler
                0x08000f04        0x8 ./Core/Src/stm32f4xx_it.o
                0x08000f04                BusFault_Handler
 .text.UsageFault_Handler
                0x08000f0c        0x8 ./Core/Src/stm32f4xx_it.o
                0x08000f0c                UsageFault_Handler
 .text.SVC_Handler
                0x08000f14        0xe ./Core/Src/stm32f4xx_it.o
                0x08000f14                SVC_Handler
 .text.DebugMon_Handler
                0x08000f22        0xe ./Core/Src/stm32f4xx_it.o
                0x08000f22                DebugMon_Handler
 .text.PendSV_Handler
                0x08000f30        0xe ./Core/Src/stm32f4xx_it.o
                0x08000f30                PendSV_Handler
 .text.SysTick_Handler
                0x08000f3e        0xc ./Core/Src/stm32f4xx_it.o
                0x08000f3e                SysTick_Handler
 *fill*         0x08000f4a        0x2 
 .text.SystemInit
                0x08000f4c       0x24 ./Core/Src/system_stm32f4xx.o
                0x08000f4c                SystemInit
 .text.Reset_Handler
                0x08000f70       0x50 ./Core/Startup/startup_stm32f429zitx.o
                0x08000f70                Reset_Handler
 .text.Default_Handler
                0x08000fc0        0x2 ./Core/Startup/startup_stm32f429zitx.o
                0x08000fc0                RTC_Alarm_IRQHandler
                0x08000fc0                HASH_RNG_IRQHandler
                0x08000fc0                EXTI2_IRQHandler
                0x08000fc0                TIM8_CC_IRQHandler
                0x08000fc0                UART8_IRQHandler
                0x08000fc0                SPI4_IRQHandler
                0x08000fc0                TIM1_CC_IRQHandler
                0x08000fc0                DMA2_Stream5_IRQHandler
                0x08000fc0                DMA1_Stream5_IRQHandler
                0x08000fc0                PVD_IRQHandler
                0x08000fc0                SDIO_IRQHandler
                0x08000fc0                TAMP_STAMP_IRQHandler
                0x08000fc0                CAN2_RX1_IRQHandler
                0x08000fc0                EXTI3_IRQHandler
                0x08000fc0                TIM8_TRG_COM_TIM14_IRQHandler
                0x08000fc0                TIM1_UP_TIM10_IRQHandler
                0x08000fc0                TIM8_UP_TIM13_IRQHandler
                0x08000fc0                I2C3_ER_IRQHandler
                0x08000fc0                EXTI0_IRQHandler
                0x08000fc0                I2C2_EV_IRQHandler
                0x08000fc0                DMA1_Stream2_IRQHandler
                0x08000fc0                CAN1_RX0_IRQHandler
                0x08000fc0                FPU_IRQHandler
                0x08000fc0                OTG_HS_WKUP_IRQHandler
                0x08000fc0                LTDC_ER_IRQHandler
                0x08000fc0                CAN2_SCE_IRQHandler
                0x08000fc0                DMA2_Stream2_IRQHandler
                0x08000fc0                SPI1_IRQHandler
                0x08000fc0                TIM6_DAC_IRQHandler
                0x08000fc0                TIM1_BRK_TIM9_IRQHandler
                0x08000fc0                DCMI_IRQHandler
                0x08000fc0                CAN2_RX0_IRQHandler
                0x08000fc0                DMA2_Stream3_IRQHandler
                0x08000fc0                USART6_IRQHandler
                0x08000fc0                USART3_IRQHandler
                0x08000fc0                CAN1_RX1_IRQHandler
                0x08000fc0                UART5_IRQHandler
                0x08000fc0                DMA2_Stream0_IRQHandler
                0x08000fc0                TIM4_IRQHandler
                0x08000fc0                I2C1_EV_IRQHandler
                0x08000fc0                DMA1_Stream6_IRQHandler
                0x08000fc0                DMA1_Stream1_IRQHandler
                0x08000fc0                UART4_IRQHandler
                0x08000fc0                TIM3_IRQHandler
                0x08000fc0                RCC_IRQHandler
                0x08000fc0                TIM8_BRK_TIM12_IRQHandler
                0x08000fc0                Default_Handler
                0x08000fc0                EXTI15_10_IRQHandler
                0x08000fc0                ADC_IRQHandler
                0x08000fc0                DMA1_Stream7_IRQHandler
                0x08000fc0                SPI5_IRQHandler
                0x08000fc0                TIM7_IRQHandler
                0x08000fc0                CAN2_TX_IRQHandler
                0x08000fc0                TIM5_IRQHandler
                0x08000fc0                DMA2_Stream7_IRQHandler
                0x08000fc0                I2C3_EV_IRQHandler
                0x08000fc0                EXTI9_5_IRQHandler
                0x08000fc0                RTC_WKUP_IRQHandler
                0x08000fc0                LTDC_IRQHandler
                0x08000fc0                ETH_WKUP_IRQHandler
                0x08000fc0                SPI2_IRQHandler
                0x08000fc0                OTG_HS_EP1_IN_IRQHandler
                0x08000fc0                DMA1_Stream0_IRQHandler
                0x08000fc0                CAN1_TX_IRQHandler
                0x08000fc0                EXTI4_IRQHandler
                0x08000fc0                ETH_IRQHandler
                0x08000fc0                OTG_HS_EP1_OUT_IRQHandler
                0x08000fc0                WWDG_IRQHandler
                0x08000fc0                SPI6_IRQHandler
                0x08000fc0                TIM2_IRQHandler
                0x08000fc0                OTG_FS_WKUP_IRQHandler
                0x08000fc0                TIM1_TRG_COM_TIM11_IRQHandler
                0x08000fc0                OTG_HS_IRQHandler
                0x08000fc0                DMA2D_IRQHandler
                0x08000fc0                EXTI1_IRQHandler
                0x08000fc0                UART7_IRQHandler
                0x08000fc0                USART2_IRQHandler
                0x08000fc0                I2C2_ER_IRQHandler
                0x08000fc0                DMA2_Stream1_IRQHandler
                0x08000fc0                CAN1_SCE_IRQHandler
                0x08000fc0                FLASH_IRQHandler
                0x08000fc0                DMA2_Stream4_IRQHandler
                0x08000fc0                USART1_IRQHandler
                0x08000fc0                OTG_FS_IRQHandler
                0x08000fc0                SPI3_IRQHandler
                0x08000fc0                DMA1_Stream4_IRQHandler
                0x08000fc0                I2C1_ER_IRQHandler
                0x08000fc0                FMC_IRQHandler
                0x08000fc0                DMA2_Stream6_IRQHandler
                0x08000fc0                SAI1_IRQHandler
                0x08000fc0                DMA1_Stream3_IRQHandler
 .text.Error_Handler
                0x08000fc2        0x8 ./Drivers/API/Src/API_delay.o
 .text.validateDelay
                0x08000fca       0x1a ./Drivers/API/Src/API_delay.o
                0x08000fca                validateDelay
 .text.delayInit
                0x08000fe4       0x2a ./Drivers/API/Src/API_delay.o
                0x08000fe4                delayInit
 .text.delayRead
                0x0800100e       0x5a ./Drivers/API/Src/API_delay.o
                0x0800100e                delayRead
 .text.HAL_Init
                0x08001068       0x44 ./Drivers/STM32F4xx_HAL_Driver/Src/stm32f4xx_hal.o
                0x08001068                HAL_Init
 .text.HAL_InitTick
                0x080010ac       0x60 ./Drivers/STM32F4xx_HAL_Driver/Src/stm32f4xx_hal.o
                0x080010ac                HAL_InitTick
 .text.HAL_IncTick
                0x0800110c       0x28 ./Drivers/STM32F4xx_HAL_Driver/Src/stm32f4xx_hal.o
                0x0800110c                HAL_IncTick
 .text.HAL_GetTick
                0x08001134       0x18 ./Drivers/STM32F4xx_HAL_Driver/Src/stm32f4xx_hal.o
                0x08001134                HAL_GetTick
 .text.HAL_Delay
                0x0800114c       0x48 ./Drivers/STM32F4xx_HAL_Driver/Src/stm32f4xx_hal.o
                0x0800114c                HAL_Delay
 .text.__NVIC_SetPriorityGrouping
                0x08001194       0x48 ./Drivers/STM32F4xx_HAL_Driver/Src/stm32f4xx_hal_cortex.o
 .text.__NVIC_GetPriorityGrouping
                0x080011dc       0x1c ./Drivers/STM32F4xx_HAL_Driver/Src/stm32f4xx_hal_cortex.o
 .text.__NVIC_SetPriority
                0x080011f8       0x54 ./Drivers/STM32F4xx_HAL_Driver/Src/stm32f4xx_hal_cortex.o
 .text.NVIC_EncodePriority
                0x0800124c       0x66 ./Drivers/STM32F4xx_HAL_Driver/Src/stm32f4xx_hal_cortex.o
 *fill*         0x080012b2        0x2 
 .text.SysTick_Config
                0x080012b4       0x44 ./Drivers/STM32F4xx_HAL_Driver/Src/stm32f4xx_hal_cortex.o
 .text.HAL_NVIC_SetPriorityGrouping
                0x080012f8       0x16 ./Drivers/STM32F4xx_HAL_Driver/Src/stm32f4xx_hal_cortex.o
                0x080012f8                HAL_NVIC_SetPriorityGrouping
 .text.HAL_NVIC_SetPriority
                0x0800130e       0x38 ./Drivers/STM32F4xx_HAL_Driver/Src/stm32f4xx_hal_cortex.o
                0x0800130e                HAL_NVIC_SetPriority
 .text.HAL_SYSTICK_Config
                0x08001346       0x18 ./Drivers/STM32F4xx_HAL_Driver/Src/stm32f4xx_hal_cortex.o
                0x08001346                HAL_SYSTICK_Config
 *fill*         0x0800135e        0x2 
 .text.HAL_ETH_Init
                0x08001360      0x138 ./Drivers/STM32F4xx_HAL_Driver/Src/stm32f4xx_hal_eth.o
                0x08001360                HAL_ETH_Init
 .text.ETH_SetMACConfig
                0x08001498      0x168 ./Drivers/STM32F4xx_HAL_Driver/Src/stm32f4xx_hal_eth.o
 .text.ETH_SetDMAConfig
                0x08001600      0x114 ./Drivers/STM32F4xx_HAL_Driver/Src/stm32f4xx_hal_eth.o
 .text.ETH_MACDMAConfig
                0x08001714       0xea ./Drivers/STM32F4xx_HAL_Driver/Src/stm32f4xx_hal_eth.o
 *fill*         0x080017fe        0x2 
 .text.ETH_MACAddressConfig
                0x08001800       0x70 ./Drivers/STM32F4xx_HAL_Driver/Src/stm32f4xx_hal_eth.o
 .text.ETH_DMATxDescListInit
                0x08001870       0xb2 ./Drivers/STM32F4xx_HAL_Driver/Src/stm32f4xx_hal_eth.o
 .text.ETH_DMARxDescListInit
                0x08001922       0xde ./Drivers/STM32F4xx_HAL_Driver/Src/stm32f4xx_hal_eth.o
 .text.HAL_GPIO_Init
                0x08001a00      0x358 ./Drivers/STM32F4xx_HAL_Driver/Src/stm32f4xx_hal_gpio.o
                0x08001a00                HAL_GPIO_Init
 .text.HAL_GPIO_WritePin
                0x08001d58       0x32 ./Drivers/STM32F4xx_HAL_Driver/Src/stm32f4xx_hal_gpio.o
                0x08001d58                HAL_GPIO_WritePin
 .text.HAL_GPIO_TogglePin
                0x08001d8a       0x34 ./Drivers/STM32F4xx_HAL_Driver/Src/stm32f4xx_hal_gpio.o
                0x08001d8a                HAL_GPIO_TogglePin
 *fill*         0x08001dbe        0x2 
 .text.HAL_I2C_Init
                0x08001dc0      0x288 ./Drivers/STM32F4xx_HAL_Driver/Src/stm32f4xx_hal_i2c.o
                0x08001dc0                HAL_I2C_Init
 .text.HAL_I2C_Master_Transmit
                0x08002048      0x1fc ./Drivers/STM32F4xx_HAL_Driver/Src/stm32f4xx_hal_i2c.o
                0x08002048                HAL_I2C_Master_Transmit
 .text.I2C_MasterRequestWrite
                0x08002244      0x104 ./Drivers/STM32F4xx_HAL_Driver/Src/stm32f4xx_hal_i2c.o
 .text.I2C_WaitOnFlagUntilTimeout
                0x08002348       0xf4 ./Drivers/STM32F4xx_HAL_Driver/Src/stm32f4xx_hal_i2c.o
 .text.I2C_WaitOnMasterAddressFlagUntilTimeout
                0x0800243c      0x140 ./Drivers/STM32F4xx_HAL_Driver/Src/stm32f4xx_hal_i2c.o
 .text.I2C_WaitOnTXEFlagUntilTimeout
                0x0800257c       0x90 ./Drivers/STM32F4xx_HAL_Driver/Src/stm32f4xx_hal_i2c.o
 .text.I2C_WaitOnBTFFlagUntilTimeout
                0x0800260c       0x90 ./Drivers/STM32F4xx_HAL_Driver/Src/stm32f4xx_hal_i2c.o
 .text.I2C_IsAcknowledgeFailed
                0x0800269c       0x5e ./Drivers/STM32F4xx_HAL_Driver/Src/stm32f4xx_hal_i2c.o
 .text.HAL_I2CEx_ConfigAnalogFilter
                0x080026fa       0x78 ./Drivers/STM32F4xx_HAL_Driver/Src/stm32f4xx_hal_i2c_ex.o
                0x080026fa                HAL_I2CEx_ConfigAnalogFilter
 .text.HAL_I2CEx_ConfigDigitalFilter
                0x08002772       0x7e ./Drivers/STM32F4xx_HAL_Driver/Src/stm32f4xx_hal_i2c_ex.o
                0x08002772                HAL_I2CEx_ConfigDigitalFilter
 .text.HAL_PCD_Init
                0x080027f0      0x21e ./Drivers/STM32F4xx_HAL_Driver/Src/stm32f4xx_hal_pcd.o
                0x080027f0                HAL_PCD_Init
 *fill*         0x08002a0e        0x2 
 .text.HAL_RCC_OscConfig
                0x08002a10      0x4f0 ./Drivers/STM32F4xx_HAL_Driver/Src/stm32f4xx_hal_rcc.o
                0x08002a10                HAL_RCC_OscConfig
 .text.HAL_RCC_ClockConfig
                0x08002f00      0x1cc ./Drivers/STM32F4xx_HAL_Driver/Src/stm32f4xx_hal_rcc.o
                0x08002f00                HAL_RCC_ClockConfig
 .text.HAL_RCC_GetSysClockFreq
                0x080030cc      0x20c ./Drivers/STM32F4xx_HAL_Driver/Src/stm32f4xx_hal_rcc.o
                0x080030cc                HAL_RCC_GetSysClockFreq
 .text.HAL_RCC_GetHCLKFreq
                0x080032d8       0x18 ./Drivers/STM32F4xx_HAL_Driver/Src/stm32f4xx_hal_rcc.o
                0x080032d8                HAL_RCC_GetHCLKFreq
 .text.HAL_RCC_GetPCLK1Freq
                0x080032f0       0x28 ./Drivers/STM32F4xx_HAL_Driver/Src/stm32f4xx_hal_rcc.o
                0x080032f0                HAL_RCC_GetPCLK1Freq
 .text.HAL_RCC_GetPCLK2Freq
                0x08003318       0x28 ./Drivers/STM32F4xx_HAL_Driver/Src/stm32f4xx_hal_rcc.o
                0x08003318                HAL_RCC_GetPCLK2Freq
 .text.HAL_SPI_Init
                0x08003340      0x112 ./Drivers/STM32F4xx_HAL_Driver/Src/stm32f4xx_hal_spi.o
                0x08003340                HAL_SPI_Init
 .text.HAL_SPI_Transmit
                0x08003452      0x288 ./Drivers/STM32F4xx_HAL_Driver/Src/stm32f4xx_hal_spi.o
                0x08003452                HAL_SPI_Transmit
 .text.HAL_SPI_TransmitReceive
                0x080036da      0x352 ./Drivers/STM32F4xx_HAL_Driver/Src/stm32f4xx_hal_spi.o
                0x080036da                HAL_SPI_TransmitReceive
 .text.SPI_WaitFlagStateUntilTimeout
                0x08003a2c      0x110 ./Drivers/STM32F4xx_HAL_Driver/Src/stm32f4xx_hal_spi.o
 .text.SPI_EndRxTxTransaction
                0x08003b3c       0xa8 ./Drivers/STM32F4xx_HAL_Driver/Src/stm32f4xx_hal_spi.o
 .text.HAL_UART_Init
                0x08003be4       0xa0 ./Drivers/STM32F4xx_HAL_Driver/Src/stm32f4xx_hal_uart.o
                0x08003be4                HAL_UART_Init
 .text.UART_SetConfig
                0x08003c84      0x4e8 ./Drivers/STM32F4xx_HAL_Driver/Src/stm32f4xx_hal_uart.o
 .text.USB_CoreInit
                0x0800416c       0xc8 ./Drivers/STM32F4xx_HAL_Driver/Src/stm32f4xx_ll_usb.o
                0x0800416c                USB_CoreInit
 .text.USB_DisableGlobalInt
                0x08004234       0x22 ./Drivers/STM32F4xx_HAL_Driver/Src/stm32f4xx_ll_usb.o
                0x08004234                USB_DisableGlobalInt
 .text.USB_SetCurrentMode
                0x08004256       0x98 ./Drivers/STM32F4xx_HAL_Driver/Src/stm32f4xx_ll_usb.o
                0x08004256                USB_SetCurrentMode
 *fill*         0x080042ee        0x2 
 .text.USB_DevInit
                0x080042f0      0x2c8 ./Drivers/STM32F4xx_HAL_Driver/Src/stm32f4xx_ll_usb.o
                0x080042f0                USB_DevInit
 .text.USB_FlushTxFifo
                0x080045b8       0x64 ./Drivers/STM32F4xx_HAL_Driver/Src/stm32f4xx_ll_usb.o
                0x080045b8                USB_FlushTxFifo
 .text.USB_FlushRxFifo
                0x0800461c       0x5c ./Drivers/STM32F4xx_HAL_Driver/Src/stm32f4xx_ll_usb.o
                0x0800461c                USB_FlushRxFifo
 .text.USB_SetDevSpeed
                0x08004678       0x32 ./Drivers/STM32F4xx_HAL_Driver/Src/stm32f4xx_ll_usb.o
                0x08004678                USB_SetDevSpeed
 .text.USB_DevDisconnect
                0x080046aa       0x42 ./Drivers/STM32F4xx_HAL_Driver/Src/stm32f4xx_ll_usb.o
                0x080046aa                USB_DevDisconnect
 .text.USB_GetMode
                0x080046ec       0x1c ./Drivers/STM32F4xx_HAL_Driver/Src/stm32f4xx_ll_usb.o
                0x080046ec                USB_GetMode
 .text.USB_CoreReset
                0x08004708       0x70 ./Drivers/STM32F4xx_HAL_Driver/Src/stm32f4xx_ll_usb.o
 .text.send_half_byte_control
                0x08004778       0x3a ./Drivers/lcd/src/lcd.o
 .text.send_byte_control
                0x080047b2       0x2c ./Drivers/lcd/src/lcd.o
 *fill*         0x080047de        0x2 
 .text.transmit_queue_pop_byte
                0x080047e0       0x68 ./Drivers/lcd/src/lcd.o
 .text.transmit_queue_push_byte
                0x08004848       0x64 ./Drivers/lcd/src/lcd.o
 .text.lcd_push_byte
                0x080048ac       0x76 ./Drivers/lcd/src/lcd.o
 .text.lcd_push_byte_data_array
                0x08004922       0x38 ./Drivers/lcd/src/lcd.o
 .text.lcd_push_byte_data
                0x0800495a       0x1c ./Drivers/lcd/src/lcd.o
 .text.lcd_push_byte_control
                0x08004976       0x1c ./Drivers/lcd/src/lcd.o
 .text.lcd_reset_high_row_position
                0x08004992        0xe ./Drivers/lcd/src/lcd.o
 .text.lcd_reset_low_row_position
                0x080049a0        0xe ./Drivers/lcd/src/lcd.o
 .text.lcd_push_byte_hex_data_array
                0x080049ae       0x86 ./Drivers/lcd/src/lcd.o
 .text.lcd_initialize
                0x08004a34       0x98 ./Drivers/lcd/src/lcd.o
                0x08004a34                lcd_initialize
 .text.lcd_clear_screen
                0x08004acc        0xe ./Drivers/lcd/src/lcd.o
                0x08004acc                lcd_clear_screen
 *fill*         0x08004ada        0x2 
 .text.lcd_report_serial_number
                0x08004adc       0x5c ./Drivers/lcd/src/lcd.o
                0x08004adc                lcd_report_serial_number
 .text.lcd_poll
                0x08004b38       0x8c ./Drivers/lcd/src/lcd.o
                0x08004b38                lcd_poll
 .text.capture_i2c_handlers
                0x08004bc4       0x20 ./Drivers/lcd/src/lcd_port.o
                0x08004bc4                capture_i2c_handlers
 .text.lcd_send_byte
                0x08004be4       0x28 ./Drivers/lcd/src/lcd_port.o
                0x08004be4                lcd_send_byte
 .text.transceive_command
                0x08004c0c       0x70 ./Drivers/rc522/src/rc522.o
 .text.clear_register
                0x08004c7c       0x3e ./Drivers/rc522/src/rc522.o
 .text.look_for_new_card
                0x08004cba       0x40 ./Drivers/rc522/src/rc522.o
 *fill*         0x08004cfa        0x2 
 .text.listen_to_new_card
                0x08004cfc       0x90 ./Drivers/rc522/src/rc522.o
 .text.card_reader_init
                0x08004d8c       0x88 ./Drivers/rc522/src/rc522.o
 .text.card_reader_reset
                0x08004e14       0x1a ./Drivers/rc522/src/rc522.o
 .text.write_register
                0x08004e2e       0x30 ./Drivers/rc522/src/rc522.o
 .text.write_register_multiple
                0x08004e5e       0x4a ./Drivers/rc522/src/rc522.o
 .text.read_register
                0x08004ea8       0x28 ./Drivers/rc522/src/rc522.o
 .text.read_register_multiple
                0x08004ed0       0x2c ./Drivers/rc522/src/rc522.o
 .text.select_new_card
                0x08004efc       0x3c ./Drivers/rc522/src/rc522.o
 .text.listen_to_select_command
                0x08004f38       0xb0 ./Drivers/rc522/src/rc522.o
 .text.report_serial_number_to_lcd
                0x08004fe8       0x5c ./Drivers/rc522/src/rc522.o
 .text.card_reader_initialize
                0x08005044       0x28 ./Drivers/rc522/src/rc522.o
                0x08005044                card_reader_initialize
 .text.card_reader_poll
                0x0800506c      0x108 ./Drivers/rc522/src/rc522.o
                0x0800506c                card_reader_poll
 .text.capture_handlers
                0x08005174       0x2c ./Drivers/rc522/src/rc522_port.o
                0x08005174                capture_handlers
 .text.reset_device
                0x080051a0       0x34 ./Drivers/rc522/src/rc522_port.o
                0x080051a0                reset_device
 .text.card_reader_select_device
                0x080051d4       0x24 ./Drivers/rc522/src/rc522_port.o
                0x080051d4                card_reader_select_device
 .text.card_reader_write_byte
                0x080051f8       0x28 ./Drivers/rc522/src/rc522_port.o
                0x080051f8                card_reader_write_byte
 .text.card_reader_unselect_device
                0x08005220       0x24 ./Drivers/rc522/src/rc522_port.o
                0x08005220                card_reader_unselect_device
 .text.card_reader_read_byte
                0x08005244       0x44 ./Drivers/rc522/src/rc522_port.o
                0x08005244                card_reader_read_byte
 .text.card_reader_read_multiple_byte
                0x08005288       0x94 ./Drivers/rc522/src/rc522_port.o
                0x08005288                card_reader_read_multiple_byte
 .text.memset   0x0800531c       0x10 /opt/st/stm32cubeide_1.19.0/plugins/com.st.stm32cube.ide.mcu.externaltools.gnu-tools-for-stm32.13.3.rel1.linux64_1.0.0.202410170706/tools/bin/../lib/gcc/arm-none-eabi/13.3.1/../../../../arm-none-eabi/lib/thumb/v7e-m+fp/hard/libc_nano.a(libc_a-memset.o)
                0x0800531c                memset
 .text.__libc_init_array
                0x0800532c       0x48 /opt/st/stm32cubeide_1.19.0/plugins/com.st.stm32cube.ide.mcu.externaltools.gnu-tools-for-stm32.13.3.rel1.linux64_1.0.0.202410170706/tools/bin/../lib/gcc/arm-none-eabi/13.3.1/../../../../arm-none-eabi/lib/thumb/v7e-m+fp/hard/libc_nano.a(libc_a-init.o)
                0x0800532c                __libc_init_array
 .text.memcpy   0x08005374       0x1c /opt/st/stm32cubeide_1.19.0/plugins/com.st.stm32cube.ide.mcu.externaltools.gnu-tools-for-stm32.13.3.rel1.linux64_1.0.0.202410170706/tools/bin/../lib/gcc/arm-none-eabi/13.3.1/../../../../arm-none-eabi/lib/thumb/v7e-m+fp/hard/libc_nano.a(libc_a-memcpy-stub.o)
                0x08005374                memcpy
 *(.glue_7)
 .glue_7        0x08005390        0x0 linker stubs
 *(.glue_7t)
 .glue_7t       0x08005390        0x0 linker stubs
 *(.eh_frame)
 .eh_frame      0x08005390        0x0 /opt/st/stm32cubeide_1.19.0/plugins/com.st.stm32cube.ide.mcu.externaltools.gnu-tools-for-stm32.13.3.rel1.linux64_1.0.0.202410170706/tools/bin/../lib/gcc/arm-none-eabi/13.3.1/thumb/v7e-m+fp/hard/crtbegin.o
 *(.init)
 .init          0x08005390        0x4 /opt/st/stm32cubeide_1.19.0/plugins/com.st.stm32cube.ide.mcu.externaltools.gnu-tools-for-stm32.13.3.rel1.linux64_1.0.0.202410170706/tools/bin/../lib/gcc/arm-none-eabi/13.3.1/thumb/v7e-m+fp/hard/crti.o
                0x08005390                _init
 .init          0x08005394        0x8 /opt/st/stm32cubeide_1.19.0/plugins/com.st.stm32cube.ide.mcu.externaltools.gnu-tools-for-stm32.13.3.rel1.linux64_1.0.0.202410170706/tools/bin/../lib/gcc/arm-none-eabi/13.3.1/thumb/v7e-m+fp/hard/crtn.o
 *(.fini)
 .fini          0x0800539c        0x4 /opt/st/stm32cubeide_1.19.0/plugins/com.st.stm32cube.ide.mcu.externaltools.gnu-tools-for-stm32.13.3.rel1.linux64_1.0.0.202410170706/tools/bin/../lib/gcc/arm-none-eabi/13.3.1/thumb/v7e-m+fp/hard/crti.o
                0x0800539c                _fini
 .fini          0x080053a0        0x8 /opt/st/stm32cubeide_1.19.0/plugins/com.st.stm32cube.ide.mcu.externaltools.gnu-tools-for-stm32.13.3.rel1.linux64_1.0.0.202410170706/tools/bin/../lib/gcc/arm-none-eabi/13.3.1/thumb/v7e-m+fp/hard/crtn.o
                0x080053a8                        . = ALIGN (0x4)
                0x080053a8                        _etext = .

.vfp11_veneer   0x080053a8        0x0
 .vfp11_veneer  0x080053a8        0x0 linker stubs

.v4_bx          0x080053a8        0x0
 .v4_bx         0x080053a8        0x0 linker stubs

.iplt           0x080053a8        0x0
 .iplt          0x080053a8        0x0 /opt/st/stm32cubeide_1.19.0/plugins/com.st.stm32cube.ide.mcu.externaltools.gnu-tools-for-stm32.13.3.rel1.linux64_1.0.0.202410170706/tools/bin/../lib/gcc/arm-none-eabi/13.3.1/thumb/v7e-m+fp/hard/crtbegin.o

.rodata         0x080053a8       0x30
                0x080053a8                        . = ALIGN (0x4)
 *(.rodata)
 .rodata        0x080053a8        0x8 ./Core/Src/main.o
 .rodata        0x080053b0        0xf ./Drivers/lcd/src/lcd.o
 *(.rodata*)
 *fill*         0x080053bf        0x1 
 .rodata.AHBPrescTable
                0x080053c0       0x10 ./Core/Src/system_stm32f4xx.o
                0x080053c0                AHBPrescTable
 .rodata.APBPrescTable
                0x080053d0        0x8 ./Core/Src/system_stm32f4xx.o
                0x080053d0                APBPrescTable
                0x080053d8                        . = ALIGN (0x4)

.ARM.extab      0x080053d8        0x0
                0x080053d8                        . = ALIGN (0x4)
 *(.ARM.extab* .gnu.linkonce.armextab.*)
                0x080053d8                        . = ALIGN (0x4)

.ARM            0x080053d8        0x8
                0x080053d8                        . = ALIGN (0x4)
                0x080053d8                        __exidx_start = .
 *(.ARM.exidx*)
 .ARM.exidx     0x080053d8        0x8 /opt/st/stm32cubeide_1.19.0/plugins/com.st.stm32cube.ide.mcu.externaltools.gnu-tools-for-stm32.13.3.rel1.linux64_1.0.0.202410170706/tools/bin/../lib/gcc/arm-none-eabi/13.3.1/../../../../arm-none-eabi/lib/thumb/v7e-m+fp/hard/libc_nano.a(libc_a-strlen.o)
 .ARM.exidx     0x080053e0        0x0 /opt/st/stm32cubeide_1.19.0/plugins/com.st.stm32cube.ide.mcu.externaltools.gnu-tools-for-stm32.13.3.rel1.linux64_1.0.0.202410170706/tools/bin/../lib/gcc/arm-none-eabi/13.3.1/thumb/v7e-m+fp/hard/libgcc.a(_udivmoddi4.o)
                                  0x8 (size before relaxing)
                0x080053e0                        __exidx_end = .
                0x080053e0                        . = ALIGN (0x4)

.preinit_array  0x080053e0        0x0
                0x080053e0                        . = ALIGN (0x4)
                0x080053e0                        PROVIDE (__preinit_array_start = .)
 *(.preinit_array*)
                0x080053e0                        PROVIDE (__preinit_array_end = .)
                0x080053e0                        . = ALIGN (0x4)

.init_array     0x080053e0        0x4
                0x080053e0                        . = ALIGN (0x4)
                0x080053e0                        PROVIDE (__init_array_start = .)
 *(SORT_BY_NAME(.init_array.*))
 *(.init_array*)
 .init_array    0x080053e0        0x4 /opt/st/stm32cubeide_1.19.0/plugins/com.st.stm32cube.ide.mcu.externaltools.gnu-tools-for-stm32.13.3.rel1.linux64_1.0.0.202410170706/tools/bin/../lib/gcc/arm-none-eabi/13.3.1/thumb/v7e-m+fp/hard/crtbegin.o
                0x080053e4                        PROVIDE (__init_array_end = .)
                0x080053e4                        . = ALIGN (0x4)

.fini_array     0x080053e4        0x4
                0x080053e4                        . = ALIGN (0x4)
                [!provide]                        PROVIDE (__fini_array_start = .)
 *(SORT_BY_NAME(.fini_array.*))
 *(.fini_array*)
 .fini_array    0x080053e4        0x4 /opt/st/stm32cubeide_1.19.0/plugins/com.st.stm32cube.ide.mcu.externaltools.gnu-tools-for-stm32.13.3.rel1.linux64_1.0.0.202410170706/tools/bin/../lib/gcc/arm-none-eabi/13.3.1/thumb/v7e-m+fp/hard/crtbegin.o
                [!provide]                        PROVIDE (__fini_array_end = .)
                0x080053e8                        . = ALIGN (0x4)
                0x080053e8                        _sidata = LOADADDR (.data)

.rel.dyn        0x080053e8        0x0
 .rel.iplt      0x080053e8        0x0 /opt/st/stm32cubeide_1.19.0/plugins/com.st.stm32cube.ide.mcu.externaltools.gnu-tools-for-stm32.13.3.rel1.linux64_1.0.0.202410170706/tools/bin/../lib/gcc/arm-none-eabi/13.3.1/thumb/v7e-m+fp/hard/crtbegin.o

.data           0x20000000        0xc load address 0x080053e8
                0x20000000                        . = ALIGN (0x4)
                0x20000000                        _sdata = .
 *(.data)
 *(.data*)
 .data.SystemCoreClock
                0x20000000        0x4 ./Core/Src/system_stm32f4xx.o
                0x20000000                SystemCoreClock
 .data.uwTickPrio
                0x20000004        0x4 ./Drivers/STM32F4xx_HAL_Driver/Src/stm32f4xx_hal.o
                0x20000004                uwTickPrio
 .data.uwTickFreq
                0x20000008        0x1 ./Drivers/STM32F4xx_HAL_Driver/Src/stm32f4xx_hal.o
                0x20000008                uwTickFreq
 *(.RamFunc)
 *(.RamFunc*)
                0x2000000c                        . = ALIGN (0x4)
 *fill*         0x20000009        0x3 
                0x2000000c                        _edata = .
                0x080053f4                        _siccmram = LOADADDR (.ccmram)

.igot.plt       0x2000000c        0x0 load address 0x080053f4
 .igot.plt      0x2000000c        0x0 /opt/st/stm32cubeide_1.19.0/plugins/com.st.stm32cube.ide.mcu.externaltools.gnu-tools-for-stm32.13.3.rel1.linux64_1.0.0.202410170706/tools/bin/../lib/gcc/arm-none-eabi/13.3.1/thumb/v7e-m+fp/hard/crtbegin.o

.ccmram         0x10000000        0x0 load address 0x080053f4
                0x10000000                        . = ALIGN (0x4)
                0x10000000                        _sccmram = .
 *(.ccmram)
 *(.ccmram*)
                0x10000000                        . = ALIGN (0x4)
                0x10000000                        _eccmram = .
                0x10000000                        . = ALIGN (0x4)

.bss            0x2000000c      0x978
                0x2000000c                        _sbss = .
                0x2000000c                        __bss_start__ = _sbss
 *(.bss)
 .bss           0x2000000c       0x1c /opt/st/stm32cubeide_1.19.0/plugins/com.st.stm32cube.ide.mcu.externaltools.gnu-tools-for-stm32.13.3.rel1.linux64_1.0.0.202410170706/tools/bin/../lib/gcc/arm-none-eabi/13.3.1/thumb/v7e-m+fp/hard/crtbegin.o
 *(.bss*)
 .bss.TxConfig  0x20000028       0x38 ./Core/Src/main.o
                0x20000028                TxConfig
 .bss.DMARxDscrTab
                0x20000060       0xa0 ./Core/Src/main.o
                0x20000060                DMARxDscrTab
 .bss.DMATxDscrTab
                0x20000100       0xa0 ./Core/Src/main.o
                0x20000100                DMATxDscrTab
 .bss.heth      0x200001a0       0xb0 ./Core/Src/main.o
                0x200001a0                heth
 .bss.hi2c2     0x20000250       0x54 ./Core/Src/main.o
                0x20000250                hi2c2
 .bss.hspi1     0x200002a4       0x58 ./Core/Src/main.o
                0x200002a4                hspi1
 .bss.huart3    0x200002fc       0x48 ./Core/Src/main.o
                0x200002fc                huart3
 .bss.hpcd_USB_OTG_FS
                0x20000344      0x4e4 ./Core/Src/main.o
                0x20000344                hpcd_USB_OTG_FS
 .bss.MACAddr.0
                0x20000828        0x6 ./Core/Src/main.o
 *fill*         0x2000082e        0x2 
 .bss.uwTick    0x20000830        0x4 ./Drivers/STM32F4xx_HAL_Driver/Src/stm32f4xx_hal.o
                0x20000830                uwTick
 .bss.transmit_state
                0x20000834        0x1 ./Drivers/lcd/src/lcd.o
 *fill*         0x20000835        0x3 
 .bss.transmit_queue
                0x20000838      0x103 ./Drivers/lcd/src/lcd.o
 *fill*         0x2000093b        0x1 
 .bss.delay     0x2000093c        0xc ./Drivers/lcd/src/lcd.o
 .bss.i2c_handler
                0x20000948        0x4 ./Drivers/lcd/src/lcd_port.o
 .bss.select_response
                0x2000094c       0x11 ./Drivers/rc522/src/rc522.o
 .bss.card_reader_state
                0x2000095d        0x1 ./Drivers/rc522/src/rc522.o
 *fill*         0x2000095e        0x2 
 .bss.transaction_delay
                0x20000960        0xc ./Drivers/rc522/src/rc522.o
 .bss.report_delay
                0x2000096c        0xc ./Drivers/rc522/src/rc522.o
 .bss.polling_attempts.2
                0x20000978        0x1 ./Drivers/rc522/src/rc522.o
 .bss.polling_attempts.1
                0x20000979        0x1 ./Drivers/rc522/src/rc522.o
 .bss.reported.0
                0x2000097a        0x1 ./Drivers/rc522/src/rc522.o
 *fill*         0x2000097b        0x1 
 .bss.spi_device
                0x2000097c        0x4 ./Drivers/rc522/src/rc522_port.o
 .bss.reset     0x20000980        0x4 ./Drivers/rc522/src/rc522_port.o
 *(COMMON)
                0x20000984                        . = ALIGN (0x4)
                0x20000984                        _ebss = .
                0x20000984                        __bss_end__ = _ebss

._user_heap_stack
                0x20000984      0x604
                0x20000988                        . = ALIGN (0x8)
 *fill*         0x20000984        0x4 
                [!provide]                        PROVIDE (end = .)
                0x20000988                        PROVIDE (_end = .)
                0x20000b88                        . = (. + _Min_Heap_Size)
 *fill*         0x20000988      0x200 
                0x20000f88                        . = (. + _Min_Stack_Size)
 *fill*         0x20000b88      0x400 
                0x20000f88                        . = ALIGN (0x8)

/DISCARD/
 libc.a(*)
 libm.a(*)
 libgcc.a(*)

.ARM.attributes
                0x00000000       0x30
 *(.ARM.attributes)
 .ARM.attributes
                0x00000000       0x22 /opt/st/stm32cubeide_1.19.0/plugins/com.st.stm32cube.ide.mcu.externaltools.gnu-tools-for-stm32.13.3.rel1.linux64_1.0.0.202410170706/tools/bin/../lib/gcc/arm-none-eabi/13.3.1/thumb/v7e-m+fp/hard/crti.o
 .ARM.attributes
                0x00000022       0x34 /opt/st/stm32cubeide_1.19.0/plugins/com.st.stm32cube.ide.mcu.externaltools.gnu-tools-for-stm32.13.3.rel1.linux64_1.0.0.202410170706/tools/bin/../lib/gcc/arm-none-eabi/13.3.1/thumb/v7e-m+fp/hard/crtbegin.o
 .ARM.attributes
                0x00000056       0x34 ./Core/Src/main.o
 .ARM.attributes
                0x0000008a       0x34 ./Core/Src/stm32f4xx_hal_msp.o
 .ARM.attributes
                0x000000be       0x34 ./Core/Src/stm32f4xx_it.o
 .ARM.attributes
                0x000000f2       0x34 ./Core/Src/system_stm32f4xx.o
 .ARM.attributes
                0x00000126       0x21 ./Core/Startup/startup_stm32f429zitx.o
 .ARM.attributes
                0x00000147       0x34 ./Drivers/API/Src/API_delay.o
 .ARM.attributes
                0x0000017b       0x34 ./Drivers/STM32F4xx_HAL_Driver/Src/stm32f4xx_hal.o
 .ARM.attributes
                0x000001af       0x34 ./Drivers/STM32F4xx_HAL_Driver/Src/stm32f4xx_hal_cortex.o
 .ARM.attributes
                0x000001e3       0x34 ./Drivers/STM32F4xx_HAL_Driver/Src/stm32f4xx_hal_eth.o
 .ARM.attributes
                0x00000217       0x34 ./Drivers/STM32F4xx_HAL_Driver/Src/stm32f4xx_hal_gpio.o
 .ARM.attributes
                0x0000024b       0x34 ./Drivers/STM32F4xx_HAL_Driver/Src/stm32f4xx_hal_i2c.o
 .ARM.attributes
                0x0000027f       0x34 ./Drivers/STM32F4xx_HAL_Driver/Src/stm32f4xx_hal_i2c_ex.o
 .ARM.attributes
                0x000002b3       0x34 ./Drivers/STM32F4xx_HAL_Driver/Src/stm32f4xx_hal_pcd.o
 .ARM.attributes
                0x000002e7       0x34 ./Drivers/STM32F4xx_HAL_Driver/Src/stm32f4xx_hal_rcc.o
 .ARM.attributes
                0x0000031b       0x34 ./Drivers/STM32F4xx_HAL_Driver/Src/stm32f4xx_hal_spi.o
 .ARM.attributes
                0x0000034f       0x34 ./Drivers/STM32F4xx_HAL_Driver/Src/stm32f4xx_hal_uart.o
 .ARM.attributes
                0x00000383       0x34 ./Drivers/STM32F4xx_HAL_Driver/Src/stm32f4xx_ll_usb.o
 .ARM.attributes
                0x000003b7       0x34 ./Drivers/lcd/src/lcd.o
 .ARM.attributes
                0x000003eb       0x34 ./Drivers/lcd/src/lcd_port.o
 .ARM.attributes
                0x0000041f       0x34 ./Drivers/rc522/src/rc522.o
 .ARM.attributes
                0x00000453       0x34 ./Drivers/rc522/src/rc522_port.o
 .ARM.attributes
                0x00000487       0x34 /opt/st/stm32cubeide_1.19.0/plugins/com.st.stm32cube.ide.mcu.externaltools.gnu-tools-for-stm32.13.3.rel1.linux64_1.0.0.202410170706/tools/bin/../lib/gcc/arm-none-eabi/13.3.1/../../../../arm-none-eabi/lib/thumb/v7e-m+fp/hard/libc_nano.a(libc_a-memset.o)
 .ARM.attributes
                0x000004bb       0x34 /opt/st/stm32cubeide_1.19.0/plugins/com.st.stm32cube.ide.mcu.externaltools.gnu-tools-for-stm32.13.3.rel1.linux64_1.0.0.202410170706/tools/bin/../lib/gcc/arm-none-eabi/13.3.1/../../../../arm-none-eabi/lib/thumb/v7e-m+fp/hard/libc_nano.a(libc_a-init.o)
 .ARM.attributes
                0x000004ef       0x34 /opt/st/stm32cubeide_1.19.0/plugins/com.st.stm32cube.ide.mcu.externaltools.gnu-tools-for-stm32.13.3.rel1.linux64_1.0.0.202410170706/tools/bin/../lib/gcc/arm-none-eabi/13.3.1/../../../../arm-none-eabi/lib/thumb/v7e-m+fp/hard/libc_nano.a(libc_a-memcpy-stub.o)
 .ARM.attributes
                0x00000523       0x17 /opt/st/stm32cubeide_1.19.0/plugins/com.st.stm32cube.ide.mcu.externaltools.gnu-tools-for-stm32.13.3.rel1.linux64_1.0.0.202410170706/tools/bin/../lib/gcc/arm-none-eabi/13.3.1/../../../../arm-none-eabi/lib/thumb/v7e-m+fp/hard/libc_nano.a(libc_a-strlen.o)
 .ARM.attributes
                0x0000053a       0x22 /opt/st/stm32cubeide_1.19.0/plugins/com.st.stm32cube.ide.mcu.externaltools.gnu-tools-for-stm32.13.3.rel1.linux64_1.0.0.202410170706/tools/bin/../lib/gcc/arm-none-eabi/13.3.1/thumb/v7e-m+fp/hard/libgcc.a(_aeabi_uldivmod.o)
 .ARM.attributes
                0x0000055c       0x34 /opt/st/stm32cubeide_1.19.0/plugins/com.st.stm32cube.ide.mcu.externaltools.gnu-tools-for-stm32.13.3.rel1.linux64_1.0.0.202410170706/tools/bin/../lib/gcc/arm-none-eabi/13.3.1/thumb/v7e-m+fp/hard/libgcc.a(_udivmoddi4.o)
 .ARM.attributes
                0x00000590       0x22 /opt/st/stm32cubeide_1.19.0/plugins/com.st.stm32cube.ide.mcu.externaltools.gnu-tools-for-stm32.13.3.rel1.linux64_1.0.0.202410170706/tools/bin/../lib/gcc/arm-none-eabi/13.3.1/thumb/v7e-m+fp/hard/libgcc.a(_dvmd_tls.o)
 .ARM.attributes
                0x000005b2       0x22 /opt/st/stm32cubeide_1.19.0/plugins/com.st.stm32cube.ide.mcu.externaltools.gnu-tools-for-stm32.13.3.rel1.linux64_1.0.0.202410170706/tools/bin/../lib/gcc/arm-none-eabi/13.3.1/thumb/v7e-m+fp/hard/crtn.o
OUTPUT(rfid_card_reader.elf elf32-littlearm)
LOAD linker stubs
LOAD /opt/st/stm32cubeide_1.19.0/plugins/com.st.stm32cube.ide.mcu.externaltools.gnu-tools-for-stm32.13.3.rel1.linux64_1.0.0.202410170706/tools/bin/../lib/gcc/arm-none-eabi/13.3.1/../../../../arm-none-eabi/lib/thumb/v7e-m+fp/hard/libc.a
LOAD /opt/st/stm32cubeide_1.19.0/plugins/com.st.stm32cube.ide.mcu.externaltools.gnu-tools-for-stm32.13.3.rel1.linux64_1.0.0.202410170706/tools/bin/../lib/gcc/arm-none-eabi/13.3.1/../../../../arm-none-eabi/lib/thumb/v7e-m+fp/hard/libm.a
LOAD /opt/st/stm32cubeide_1.19.0/plugins/com.st.stm32cube.ide.mcu.externaltools.gnu-tools-for-stm32.13.3.rel1.linux64_1.0.0.202410170706/tools/bin/../lib/gcc/arm-none-eabi/13.3.1/thumb/v7e-m+fp/hard/libgcc.a

.debug_info     0x00000000    0x1556f
 .debug_info    0x00000000     0x2261 ./Core/Src/main.o
 .debug_info    0x00002261     0x1de6 ./Core/Src/stm32f4xx_hal_msp.o
 .debug_info    0x00004047      0x112 ./Core/Src/stm32f4xx_it.o
 .debug_info    0x00004159      0x52e ./Core/Src/system_stm32f4xx.o
 .debug_info    0x00004687       0x30 ./Core/Startup/startup_stm32f429zitx.o
 .debug_info    0x000046b7      0x1ec ./Drivers/API/Src/API_delay.o
 .debug_info    0x000048a3      0x9ba ./Drivers/STM32F4xx_HAL_Driver/Src/stm32f4xx_hal.o
 .debug_info    0x0000525d      0xdc2 ./Drivers/STM32F4xx_HAL_Driver/Src/stm32f4xx_hal_cortex.o
 .debug_info    0x0000601f     0x2193 ./Drivers/STM32F4xx_HAL_Driver/Src/stm32f4xx_hal_eth.o
 .debug_info    0x000081b2      0x6db ./Drivers/STM32F4xx_HAL_Driver/Src/stm32f4xx_hal_gpio.o
 .debug_info    0x0000888d     0x2421 ./Drivers/STM32F4xx_HAL_Driver/Src/stm32f4xx_hal_i2c.o
 .debug_info    0x0000acae      0x672 ./Drivers/STM32F4xx_HAL_Driver/Src/stm32f4xx_hal_i2c_ex.o
 .debug_info    0x0000b320     0x156f ./Drivers/STM32F4xx_HAL_Driver/Src/stm32f4xx_hal_pcd.o
 .debug_info    0x0000c88f      0x8db ./Drivers/STM32F4xx_HAL_Driver/Src/stm32f4xx_hal_rcc.o
 .debug_info    0x0000d16a     0x1525 ./Drivers/STM32F4xx_HAL_Driver/Src/stm32f4xx_hal_spi.o
 .debug_info    0x0000e68f     0x2f4f ./Drivers/STM32F4xx_HAL_Driver/Src/stm32f4xx_hal_uart.o
 .debug_info    0x000115de     0x1993 ./Drivers/STM32F4xx_HAL_Driver/Src/stm32f4xx_ll_usb.o
 .debug_info    0x00012f71      0xa48 ./Drivers/lcd/src/lcd.o
 .debug_info    0x000139b9      0x67c ./Drivers/lcd/src/lcd_port.o
 .debug_info    0x00014035      0xc6b ./Drivers/rc522/src/rc522.o
 .debug_info    0x00014ca0      0x8cf ./Drivers/rc522/src/rc522_port.o

.debug_abbrev   0x00000000     0x2ce8
 .debug_abbrev  0x00000000      0x32d ./Core/Src/main.o
 .debug_abbrev  0x0000032d      0x252 ./Core/Src/stm32f4xx_hal_msp.o
 .debug_abbrev  0x0000057f       0x73 ./Core/Src/stm32f4xx_it.o
 .debug_abbrev  0x000005f2      0x11a ./Core/Src/system_stm32f4xx.o
 .debug_abbrev  0x0000070c       0x24 ./Core/Startup/startup_stm32f429zitx.o
 .debug_abbrev  0x00000730       0xf1 ./Drivers/API/Src/API_delay.o
 .debug_abbrev  0x00000821      0x214 ./Drivers/STM32F4xx_HAL_Driver/Src/stm32f4xx_hal.o
 .debug_abbrev  0x00000a35      0x31d ./Drivers/STM32F4xx_HAL_Driver/Src/stm32f4xx_hal_cortex.o
 .debug_abbrev  0x00000d52      0x35c ./Drivers/STM32F4xx_HAL_Driver/Src/stm32f4xx_hal_eth.o
 .debug_abbrev  0x000010ae      0x1d4 ./Drivers/STM32F4xx_HAL_Driver/Src/stm32f4xx_hal_gpio.o
 .debug_abbrev  0x00001282      0x2ad ./Drivers/STM32F4xx_HAL_Driver/Src/stm32f4xx_hal_i2c.o
 .debug_abbrev  0x0000152f      0x157 ./Drivers/STM32F4xx_HAL_Driver/Src/stm32f4xx_hal_i2c_ex.o
 .debug_abbrev  0x00001686      0x2b9 ./Drivers/STM32F4xx_HAL_Driver/Src/stm32f4xx_hal_pcd.o
 .debug_abbrev  0x0000193f      0x2b7 ./Drivers/STM32F4xx_HAL_Driver/Src/stm32f4xx_hal_rcc.o
 .debug_abbrev  0x00001bf6      0x27a ./Drivers/STM32F4xx_HAL_Driver/Src/stm32f4xx_hal_spi.o
 .debug_abbrev  0x00001e70      0x30e ./Drivers/STM32F4xx_HAL_Driver/Src/stm32f4xx_hal_uart.o
 .debug_abbrev  0x0000217e      0x2b3 ./Drivers/STM32F4xx_HAL_Driver/Src/stm32f4xx_ll_usb.o
 .debug_abbrev  0x00002431      0x299 ./Drivers/lcd/src/lcd.o
 .debug_abbrev  0x000026ca      0x16a ./Drivers/lcd/src/lcd_port.o
 .debug_abbrev  0x00002834      0x2aa ./Drivers/rc522/src/rc522.o
 .debug_abbrev  0x00002ade      0x20a ./Drivers/rc522/src/rc522_port.o

.debug_aranges  0x00000000     0x11e8
 .debug_aranges
                0x00000000       0x60 ./Core/Src/main.o
 .debug_aranges
                0x00000060       0x70 ./Core/Src/stm32f4xx_hal_msp.o
 .debug_aranges
                0x000000d0       0x60 ./Core/Src/stm32f4xx_it.o
 .debug_aranges
                0x00000130       0x28 ./Core/Src/system_stm32f4xx.o
 .debug_aranges
                0x00000158       0x28 ./Core/Startup/startup_stm32f429zitx.o
 .debug_aranges
                0x00000180       0x48 ./Drivers/API/Src/API_delay.o
 .debug_aranges
                0x000001c8      0x100 ./Drivers/STM32F4xx_HAL_Driver/Src/stm32f4xx_hal.o
 .debug_aranges
                0x000002c8      0x130 ./Drivers/STM32F4xx_HAL_Driver/Src/stm32f4xx_hal_cortex.o
 .debug_aranges
                0x000003f8      0x1e8 ./Drivers/STM32F4xx_HAL_Driver/Src/stm32f4xx_hal_eth.o
 .debug_aranges
                0x000005e0       0x58 ./Drivers/STM32F4xx_HAL_Driver/Src/stm32f4xx_hal_gpio.o
 .debug_aranges
                0x00000638      0x2a8 ./Drivers/STM32F4xx_HAL_Driver/Src/stm32f4xx_hal_i2c.o
 .debug_aranges
                0x000008e0       0x28 ./Drivers/STM32F4xx_HAL_Driver/Src/stm32f4xx_hal_i2c_ex.o
 .debug_aranges
                0x00000908      0x148 ./Drivers/STM32F4xx_HAL_Driver/Src/stm32f4xx_hal_pcd.o
 .debug_aranges
                0x00000a50       0x88 ./Drivers/STM32F4xx_HAL_Driver/Src/stm32f4xx_hal_rcc.o
 .debug_aranges
                0x00000ad8      0x1d0 ./Drivers/STM32F4xx_HAL_Driver/Src/stm32f4xx_hal_spi.o
 .debug_aranges
                0x00000ca8      0x208 ./Drivers/STM32F4xx_HAL_Driver/Src/stm32f4xx_hal_uart.o
 .debug_aranges
                0x00000eb0      0x1a0 ./Drivers/STM32F4xx_HAL_Driver/Src/stm32f4xx_ll_usb.o
 .debug_aranges
                0x00001050       0x90 ./Drivers/lcd/src/lcd.o
 .debug_aranges
                0x000010e0       0x28 ./Drivers/lcd/src/lcd_port.o
 .debug_aranges
                0x00001108       0x90 ./Drivers/rc522/src/rc522.o
 .debug_aranges
                0x00001198       0x50 ./Drivers/rc522/src/rc522_port.o

.debug_rnglists
                0x00000000      0xdec
 .debug_rnglists
                0x00000000       0x48 ./Core/Src/main.o
 .debug_rnglists
                0x00000048       0x54 ./Core/Src/stm32f4xx_hal_msp.o
 .debug_rnglists
                0x0000009c       0x43 ./Core/Src/stm32f4xx_it.o
 .debug_rnglists
                0x000000df       0x1a ./Core/Src/system_stm32f4xx.o
 .debug_rnglists
                0x000000f9       0x19 ./Core/Startup/startup_stm32f429zitx.o
 .debug_rnglists
                0x00000112       0x31 ./Drivers/API/Src/API_delay.o
 .debug_rnglists
                0x00000143       0xbb ./Drivers/STM32F4xx_HAL_Driver/Src/stm32f4xx_hal.o
 .debug_rnglists
                0x000001fe       0xe0 ./Drivers/STM32F4xx_HAL_Driver/Src/stm32f4xx_hal_cortex.o
 .debug_rnglists
                0x000002de      0x182 ./Drivers/STM32F4xx_HAL_Driver/Src/stm32f4xx_hal_eth.o
 .debug_rnglists
                0x00000460       0x3f ./Drivers/STM32F4xx_HAL_Driver/Src/stm32f4xx_hal_gpio.o
 .debug_rnglists
                0x0000049f      0x23c ./Drivers/STM32F4xx_HAL_Driver/Src/stm32f4xx_hal_i2c.o
 .debug_rnglists
                0x000006db       0x19 ./Drivers/STM32F4xx_HAL_Driver/Src/stm32f4xx_hal_i2c_ex.o
 .debug_rnglists
                0x000006f4       0xfa ./Drivers/STM32F4xx_HAL_Driver/Src/stm32f4xx_hal_pcd.o
 .debug_rnglists
                0x000007ee       0x66 ./Drivers/STM32F4xx_HAL_Driver/Src/stm32f4xx_hal_rcc.o
 .debug_rnglists
                0x00000854      0x16f ./Drivers/STM32F4xx_HAL_Driver/Src/stm32f4xx_hal_spi.o
 .debug_rnglists
                0x000009c3      0x1bc ./Drivers/STM32F4xx_HAL_Driver/Src/stm32f4xx_hal_uart.o
 .debug_rnglists
                0x00000b7f      0x147 ./Drivers/STM32F4xx_HAL_Driver/Src/stm32f4xx_ll_usb.o
 .debug_rnglists
                0x00000cc6       0x6a ./Drivers/lcd/src/lcd.o
 .debug_rnglists
                0x00000d30       0x19 ./Drivers/lcd/src/lcd_port.o
 .debug_rnglists
                0x00000d49       0x6b ./Drivers/rc522/src/rc522.o
 .debug_rnglists
                0x00000db4       0x38 ./Drivers/rc522/src/rc522_port.o

.debug_macro    0x00000000    0x256b6
 .debug_macro   0x00000000      0x331 ./Core/Src/main.o
 .debug_macro   0x00000331      0xad8 ./Core/Src/main.o
 .debug_macro   0x00000e09      0x2ad ./Core/Src/main.o
 .debug_macro   0x000010b6       0x2e ./Core/Src/main.o
 .debug_macro   0x000010e4       0x28 ./Core/Src/main.o
 .debug_macro   0x0000110c       0x22 ./Core/Src/main.o
 .debug_macro   0x0000112e       0x8e ./Core/Src/main.o
 .debug_macro   0x000011bc       0x51 ./Core/Src/main.o
 .debug_macro   0x0000120d      0x103 ./Core/Src/main.o
 .debug_macro   0x00001310       0x6a ./Core/Src/main.o
 .debug_macro   0x0000137a      0x1df ./Core/Src/main.o
 .debug_macro   0x00001559       0x1c ./Core/Src/main.o
 .debug_macro   0x00001575       0x22 ./Core/Src/main.o
 .debug_macro   0x00001597       0xfb ./Core/Src/main.o
 .debug_macro   0x00001692     0x1011 ./Core/Src/main.o
 .debug_macro   0x000026a3      0x11f ./Core/Src/main.o
 .debug_macro   0x000027c2    0x17ff1 ./Core/Src/main.o
 .debug_macro   0x0001a7b3       0x6d ./Core/Src/main.o
 .debug_macro   0x0001a820     0x370a ./Core/Src/main.o
 .debug_macro   0x0001df2a      0x190 ./Core/Src/main.o
 .debug_macro   0x0001e0ba       0x5c ./Core/Src/main.o
 .debug_macro   0x0001e116      0xcba ./Core/Src/main.o
 .debug_macro   0x0001edd0      0x9e9 ./Core/Src/main.o
 .debug_macro   0x0001f7b9      0x115 ./Core/Src/main.o
 .debug_macro   0x0001f8ce      0x156 ./Core/Src/main.o
 .debug_macro   0x0001fa24       0xa5 ./Core/Src/main.o
 .debug_macro   0x0001fac9      0x182 ./Core/Src/main.o
 .debug_macro   0x0001fc4b      0x287 ./Core/Src/main.o
 .debug_macro   0x0001fed2       0x5f ./Core/Src/main.o
 .debug_macro   0x0001ff31      0x236 ./Core/Src/main.o
 .debug_macro   0x00020167      0xb99 ./Core/Src/main.o
 .debug_macro   0x00020d00      0x132 ./Core/Src/main.o
 .debug_macro   0x00020e32      0x41d ./Core/Src/main.o
 .debug_macro   0x0002124f       0x2e ./Core/Src/main.o
 .debug_macro   0x0002127d      0x1b5 ./Core/Src/main.o
 .debug_macro   0x00021432       0x22 ./Core/Src/main.o
 .debug_macro   0x00021454       0xd6 ./Core/Src/main.o
 .debug_macro   0x0002152a      0x127 ./Core/Src/main.o
 .debug_macro   0x00021651       0xe2 ./Core/Src/main.o
 .debug_macro   0x00021733       0x89 ./Core/Src/main.o
 .debug_macro   0x000217bc      0x225 ./Core/Src/main.o
 .debug_macro   0x000219e1      0x2aa ./Core/Src/main.o
 .debug_macro   0x00021c8b      0x293 ./Core/Src/main.o
 .debug_macro   0x00021f1e       0xba ./Core/Src/main.o
 .debug_macro   0x00021fd8      0x134 ./Core/Src/main.o
 .debug_macro   0x0002210c      0x130 ./Core/Src/main.o
 .debug_macro   0x0002223c       0x61 ./Core/Src/main.o
 .debug_macro   0x0002229d       0x2a ./Core/Src/main.o
 .debug_macro   0x000222c7       0x43 ./Core/Src/main.o
 .debug_macro   0x0002230a       0x34 ./Core/Src/main.o
 .debug_macro   0x0002233e      0x370 ./Core/Src/main.o
 .debug_macro   0x000226ae       0x16 ./Core/Src/main.o
 .debug_macro   0x000226c4       0x4a ./Core/Src/main.o
 .debug_macro   0x0002270e       0x34 ./Core/Src/main.o
 .debug_macro   0x00022742       0x10 ./Core/Src/main.o
 .debug_macro   0x00022752       0x58 ./Core/Src/main.o
 .debug_macro   0x000227aa       0x8e ./Core/Src/main.o
 .debug_macro   0x00022838       0x1c ./Core/Src/main.o
 .debug_macro   0x00022854      0x185 ./Core/Src/main.o
 .debug_macro   0x000229d9       0x10 ./Core/Src/main.o
 .debug_macro   0x000229e9       0x3c ./Core/Src/main.o
 .debug_macro   0x00022a25       0x20 ./Core/Src/main.o
 .debug_macro   0x00022a45       0x22 ./Core/Src/main.o
 .debug_macro   0x00022a67      0x21a ./Core/Src/stm32f4xx_hal_msp.o
 .debug_macro   0x00022c81      0x224 ./Core/Src/stm32f4xx_it.o
 .debug_macro   0x00022ea5      0x20b ./Core/Src/system_stm32f4xx.o
 .debug_macro   0x000230b0      0x222 ./Drivers/API/Src/API_delay.o
 .debug_macro   0x000232d2      0x26b ./Drivers/STM32F4xx_HAL_Driver/Src/stm32f4xx_hal.o
 .debug_macro   0x0002353d      0x20b ./Drivers/STM32F4xx_HAL_Driver/Src/stm32f4xx_hal_cortex.o
 .debug_macro   0x00023748      0x2e5 ./Drivers/STM32F4xx_HAL_Driver/Src/stm32f4xx_hal_eth.o
 .debug_macro   0x00023a2d      0x211 ./Drivers/STM32F4xx_HAL_Driver/Src/stm32f4xx_hal_gpio.o
 .debug_macro   0x00023c3e      0x259 ./Drivers/STM32F4xx_HAL_Driver/Src/stm32f4xx_hal_i2c.o
 .debug_macro   0x00023e97      0x20b ./Drivers/STM32F4xx_HAL_Driver/Src/stm32f4xx_hal_i2c_ex.o
 .debug_macro   0x000240a2      0x217 ./Drivers/STM32F4xx_HAL_Driver/Src/stm32f4xx_hal_pcd.o
 .debug_macro   0x000242b9      0x22f ./Drivers/STM32F4xx_HAL_Driver/Src/stm32f4xx_hal_rcc.o
 .debug_macro   0x000244e8      0x21a ./Drivers/STM32F4xx_HAL_Driver/Src/stm32f4xx_hal_spi.o
 .debug_macro   0x00024702      0x20c ./Drivers/STM32F4xx_HAL_Driver/Src/stm32f4xx_hal_uart.o
 .debug_macro   0x0002490e      0x20b ./Drivers/STM32F4xx_HAL_Driver/Src/stm32f4xx_ll_usb.o
 .debug_macro   0x00024b19      0x3aa ./Drivers/lcd/src/lcd.o
 .debug_macro   0x00024ec3      0x221 ./Drivers/lcd/src/lcd_port.o
 .debug_macro   0x000250e4      0x2f1 ./Drivers/rc522/src/rc522.o
 .debug_macro   0x000253d5       0x82 ./Drivers/rc522/src/rc522.o
 .debug_macro   0x00025457       0x22 ./Drivers/rc522/src/rc522.o
 .debug_macro   0x00025479       0x1c ./Drivers/rc522/src/rc522.o
 .debug_macro   0x00025495      0x221 ./Drivers/rc522/src/rc522_port.o

.debug_line     0x00000000    0x151f0
 .debug_line    0x00000000      0xba6 ./Core/Src/main.o
 .debug_line    0x00000ba6      0x8dd ./Core/Src/stm32f4xx_hal_msp.o
 .debug_line    0x00001483      0x7af ./Core/Src/stm32f4xx_it.o
 .debug_line    0x00001c32      0x776 ./Core/Src/system_stm32f4xx.o
 .debug_line    0x000023a8       0x7a ./Core/Startup/startup_stm32f429zitx.o
 .debug_line    0x00002422      0x7fc ./Drivers/API/Src/API_delay.o
 .debug_line    0x00002c1e      0xa28 ./Drivers/STM32F4xx_HAL_Driver/Src/stm32f4xx_hal.o
 .debug_line    0x00003646      0xcc2 ./Drivers/STM32F4xx_HAL_Driver/Src/stm32f4xx_hal_cortex.o
 .debug_line    0x00004308     0x1a07 ./Drivers/STM32F4xx_HAL_Driver/Src/stm32f4xx_hal_eth.o
 .debug_line    0x00005d0f      0xb72 ./Drivers/STM32F4xx_HAL_Driver/Src/stm32f4xx_hal_gpio.o
 .debug_line    0x00006881     0x3a9f ./Drivers/STM32F4xx_HAL_Driver/Src/stm32f4xx_hal_i2c.o
 .debug_line    0x0000a320      0x77b ./Drivers/STM32F4xx_HAL_Driver/Src/stm32f4xx_hal_i2c_ex.o
 .debug_line    0x0000aa9b     0x143d ./Drivers/STM32F4xx_HAL_Driver/Src/stm32f4xx_hal_pcd.o
 .debug_line    0x0000bed8      0xe01 ./Drivers/STM32F4xx_HAL_Driver/Src/stm32f4xx_hal_rcc.o
 .debug_line    0x0000ccd9     0x1c8d ./Drivers/STM32F4xx_HAL_Driver/Src/stm32f4xx_hal_spi.o
 .debug_line    0x0000e966     0x253a ./Drivers/STM32F4xx_HAL_Driver/Src/stm32f4xx_hal_uart.o
 .debug_line    0x00010ea0     0x1d26 ./Drivers/STM32F4xx_HAL_Driver/Src/stm32f4xx_ll_usb.o
 .debug_line    0x00012bc6      0xb64 ./Drivers/lcd/src/lcd.o
 .debug_line    0x0001372a      0x74f ./Drivers/lcd/src/lcd_port.o
 .debug_line    0x00013e79      0xb41 ./Drivers/rc522/src/rc522.o
 .debug_line    0x000149ba      0x836 ./Drivers/rc522/src/rc522_port.o

.debug_str      0x00000000    0xde62a
 .debug_str     0x00000000    0xde62a ./Core/Src/main.o
                              0xd9243 (size before relaxing)
 .debug_str     0x000de62a    0xd5b9c ./Core/Src/stm32f4xx_hal_msp.o
 .debug_str     0x000de62a    0xd48bb ./Core/Src/stm32f4xx_it.o
 .debug_str     0x000de62a    0xd4537 ./Core/Src/system_stm32f4xx.o
 .debug_str     0x000de62a       0x71 ./Core/Startup/startup_stm32f429zitx.o
 .debug_str     0x000de62a    0xd444e ./Drivers/API/Src/API_delay.o
 .debug_str     0x000de62a    0xd515a ./Drivers/STM32F4xx_HAL_Driver/Src/stm32f4xx_hal.o
 .debug_str     0x000de62a    0xd4e88 ./Drivers/STM32F4xx_HAL_Driver/Src/stm32f4xx_hal_cortex.o
 .debug_str     0x000de62a    0xd5e33 ./Drivers/STM32F4xx_HAL_Driver/Src/stm32f4xx_hal_eth.o
 .debug_str     0x000de62a    0xd46b2 ./Drivers/STM32F4xx_HAL_Driver/Src/stm32f4xx_hal_gpio.o
 .debug_str     0x000de62a    0xd5547 ./Drivers/STM32F4xx_HAL_Driver/Src/stm32f4xx_hal_i2c.o
 .debug_str     0x000de62a    0xd4906 ./Drivers/STM32F4xx_HAL_Driver/Src/stm32f4xx_hal_i2c_ex.o
 .debug_str     0x000de62a    0xd5002 ./Drivers/STM32F4xx_HAL_Driver/Src/stm32f4xx_hal_pcd.o
 .debug_str     0x000de62a    0xd496b ./Drivers/STM32F4xx_HAL_Driver/Src/stm32f4xx_hal_rcc.o
 .debug_str     0x000de62a    0xd4de2 ./Drivers/STM32F4xx_HAL_Driver/Src/stm32f4xx_hal_spi.o
 .debug_str     0x000de62a    0xd4f39 ./Drivers/STM32F4xx_HAL_Driver/Src/stm32f4xx_hal_uart.o
 .debug_str     0x000de62a    0xd4edd ./Drivers/STM32F4xx_HAL_Driver/Src/stm32f4xx_ll_usb.o
 .debug_str     0x000de62a    0xd7fc3 ./Drivers/lcd/src/lcd.o
 .debug_str     0x000de62a    0xd4916 ./Drivers/lcd/src/lcd_port.o
 .debug_str     0x000de62a    0xd5135 ./Drivers/rc522/src/rc522.o
 .debug_str     0x000de62a    0xd49e8 ./Drivers/rc522/src/rc522_port.o

.comment        0x00000000       0x43
 .comment       0x00000000       0x43 ./Core/Src/main.o
                                 0x44 (size before relaxing)
 .comment       0x00000043       0x44 ./Core/Src/stm32f4xx_hal_msp.o
 .comment       0x00000043       0x44 ./Core/Src/stm32f4xx_it.o
 .comment       0x00000043       0x44 ./Core/Src/system_stm32f4xx.o
 .comment       0x00000043       0x44 ./Drivers/API/Src/API_delay.o
 .comment       0x00000043       0x44 ./Drivers/STM32F4xx_HAL_Driver/Src/stm32f4xx_hal.o
 .comment       0x00000043       0x44 ./Drivers/STM32F4xx_HAL_Driver/Src/stm32f4xx_hal_cortex.o
 .comment       0x00000043       0x44 ./Drivers/STM32F4xx_HAL_Driver/Src/stm32f4xx_hal_eth.o
 .comment       0x00000043       0x44 ./Drivers/STM32F4xx_HAL_Driver/Src/stm32f4xx_hal_gpio.o
 .comment       0x00000043       0x44 ./Drivers/STM32F4xx_HAL_Driver/Src/stm32f4xx_hal_i2c.o
 .comment       0x00000043       0x44 ./Drivers/STM32F4xx_HAL_Driver/Src/stm32f4xx_hal_i2c_ex.o
 .comment       0x00000043       0x44 ./Drivers/STM32F4xx_HAL_Driver/Src/stm32f4xx_hal_pcd.o
 .comment       0x00000043       0x44 ./Drivers/STM32F4xx_HAL_Driver/Src/stm32f4xx_hal_rcc.o
 .comment       0x00000043       0x44 ./Drivers/STM32F4xx_HAL_Driver/Src/stm32f4xx_hal_spi.o
 .comment       0x00000043       0x44 ./Drivers/STM32F4xx_HAL_Driver/Src/stm32f4xx_hal_uart.o
 .comment       0x00000043       0x44 ./Drivers/STM32F4xx_HAL_Driver/Src/stm32f4xx_ll_usb.o
 .comment       0x00000043       0x44 ./Drivers/lcd/src/lcd.o
 .comment       0x00000043       0x44 ./Drivers/lcd/src/lcd_port.o
 .comment       0x00000043       0x44 ./Drivers/rc522/src/rc522.o
 .comment       0x00000043       0x44 ./Drivers/rc522/src/rc522_port.o

.debug_frame    0x00000000     0x4bf8
 .debug_frame   0x00000000      0x11c ./Core/Src/main.o
 .debug_frame   0x0000011c      0x1a0 ./Core/Src/stm32f4xx_hal_msp.o
 .debug_frame   0x000002bc      0x104 ./Core/Src/stm32f4xx_it.o
 .debug_frame   0x000003c0       0x58 ./Core/Src/system_stm32f4xx.o
 .debug_frame   0x00000418       0xdc ./Drivers/API/Src/API_delay.o
 .debug_frame   0x000004f4      0x3b4 ./Drivers/STM32F4xx_HAL_Driver/Src/stm32f4xx_hal.o
 .debug_frame   0x000008a8      0x508 ./Drivers/STM32F4xx_HAL_Driver/Src/stm32f4xx_hal_cortex.o
 .debug_frame   0x00000db0      0x8c0 ./Drivers/STM32F4xx_HAL_Driver/Src/stm32f4xx_hal_eth.o
 .debug_frame   0x00001670      0x14c ./Drivers/STM32F4xx_HAL_Driver/Src/stm32f4xx_hal_gpio.o
 .debug_frame   0x000017bc      0xc84 ./Drivers/STM32F4xx_HAL_Driver/Src/stm32f4xx_hal_i2c.o
 .debug_frame   0x00002440       0x60 ./Drivers/STM32F4xx_HAL_Driver/Src/stm32f4xx_hal_i2c_ex.o
 .debug_frame   0x000024a0      0x5b8 ./Drivers/STM32F4xx_HAL_Driver/Src/stm32f4xx_hal_pcd.o
 .debug_frame   0x00002a58      0x1f4 ./Drivers/STM32F4xx_HAL_Driver/Src/stm32f4xx_hal_rcc.o
 .debug_frame   0x00002c4c      0x828 ./Drivers/STM32F4xx_HAL_Driver/Src/stm32f4xx_hal_spi.o
 .debug_frame   0x00003474      0x954 ./Drivers/STM32F4xx_HAL_Driver/Src/stm32f4xx_hal_uart.o
 .debug_frame   0x00003dc8      0x7c0 ./Drivers/STM32F4xx_HAL_Driver/Src/stm32f4xx_ll_usb.o
 .debug_frame   0x00004588      0x220 ./Drivers/lcd/src/lcd.o
 .debug_frame   0x000047a8       0x5c ./Drivers/lcd/src/lcd_port.o
 .debug_frame   0x00004804      0x224 ./Drivers/rc522/src/rc522.o
 .debug_frame   0x00004a28       0xfc ./Drivers/rc522/src/rc522_port.o
 .debug_frame   0x00004b24       0x20 /opt/st/stm32cubeide_1.19.0/plugins/com.st.stm32cube.ide.mcu.externaltools.gnu-tools-for-stm32.13.3.rel1.linux64_1.0.0.202410170706/tools/bin/../lib/gcc/arm-none-eabi/13.3.1/../../../../arm-none-eabi/lib/thumb/v7e-m+fp/hard/libc_nano.a(libc_a-memset.o)
 .debug_frame   0x00004b44       0x2c /opt/st/stm32cubeide_1.19.0/plugins/com.st.stm32cube.ide.mcu.externaltools.gnu-tools-for-stm32.13.3.rel1.linux64_1.0.0.202410170706/tools/bin/../lib/gcc/arm-none-eabi/13.3.1/../../../../arm-none-eabi/lib/thumb/v7e-m+fp/hard/libc_nano.a(libc_a-init.o)
 .debug_frame   0x00004b70       0x28 /opt/st/stm32cubeide_1.19.0/plugins/com.st.stm32cube.ide.mcu.externaltools.gnu-tools-for-stm32.13.3.rel1.linux64_1.0.0.202410170706/tools/bin/../lib/gcc/arm-none-eabi/13.3.1/../../../../arm-none-eabi/lib/thumb/v7e-m+fp/hard/libc_nano.a(libc_a-memcpy-stub.o)
 .debug_frame   0x00004b98       0x2c /opt/st/stm32cubeide_1.19.0/plugins/com.st.stm32cube.ide.mcu.externaltools.gnu-tools-for-stm32.13.3.rel1.linux64_1.0.0.202410170706/tools/bin/../lib/gcc/arm-none-eabi/13.3.1/thumb/v7e-m+fp/hard/libgcc.a(_aeabi_uldivmod.o)
 .debug_frame   0x00004bc4       0x34 /opt/st/stm32cubeide_1.19.0/plugins/com.st.stm32cube.ide.mcu.externaltools.gnu-tools-for-stm32.13.3.rel1.linux64_1.0.0.202410170706/tools/bin/../lib/gcc/arm-none-eabi/13.3.1/thumb/v7e-m+fp/hard/libgcc.a(_udivmoddi4.o)

.debug_line_str
                0x00000000       0x55
 .debug_line_str
                0x00000000       0x55 ./Core/Startup/startup_stm32f429zitx.o
