../Drivers/lcd/src/lcd.c:91:13:send_half_byte_control	16	static
../Drivers/lcd/src/lcd.c:105:13:send_byte_control	16	static
../Drivers/lcd/src/lcd.c:117:16:transmit_queue_pop_byte	16	static
../Drivers/lcd/src/lcd.c:140:13:transmit_queue_push_byte	16	static
../Drivers/lcd/src/lcd.c:161:13:lcd_push_byte	24	static
../Drivers/lcd/src/lcd.c:177:13:lcd_push_byte_data_array	24	static
../Drivers/lcd/src/lcd.c:189:13:lcd_push_byte_data	16	static
../Drivers/lcd/src/lcd.c:198:13:lcd_push_byte_control	16	static
../Drivers/lcd/src/lcd.c:207:13:lcd_reset_high_row_position	8	static
../Drivers/lcd/src/lcd.c:217:13:lcd_reset_low_row_position	8	static
../Drivers/lcd/src/lcd.c:228:13:lcd_push_byte_hex_data_array	24	static
../Drivers/lcd/src/lcd.c:255:6:lcd_initialize	16	static
../Drivers/lcd/src/lcd.c:288:6:lcd_clear_screen	8	static
../Drivers/lcd/src/lcd.c:298:6:lcd_report_serial_number	40	static
../Drivers/lcd/src/lcd.c:315:6:lcd_poll	16	static
